// Vitest Snapshot v1, https://vitest.dev/guide/snapshot.html

exports[`golden: single paragraph on a Letter page (FakeMetrics) > produces one page and one measured line box 1`] = `
{
  "breaks": [],
  "lines": [
    {
      "baseline": 13.6,
      "blockId": "p1",
      "lineIndex": 0,
      "pageIndex": 0,
      "rangeEnd": 14,
      "rangeStart": 0,
      "rect": {
        "height": 17.6,
        "width": 140,
        "x": 0,
        "y": 0,
      },
      "segments": [
        {
          "end": 14,
          "runIndex": 0,
          "start": 0,
        },
      ],
    },
  ],
  "pages": [
    {
      "contentBox": {
        "height": 864,
        "width": 624,
        "x": 96,
        "y": 96,
      },
      "index": 0,
      "size": {
        "height": 1056,
        "width": 816,
        "x": 0,
        "y": 0,
      },
    },
  ],
  "version": 1,
}
`;
